2026-07-15 12:02:49,365 - Nuevo precio más bajo para el producto 1 en la tienda 1: 1.25
2026-07-15 12:02:49,365 - HTTP Request: POST http://testserver/precios "HTTP/1.1 201 Created"
2026-07-15 12:02:49,380 - HTTP Request: POST http://testserver/precios "HTTP/1.1 201 Created"
2026-07-15 12:02:49,407 - HTTP Request: GET http://testserver/productos/comparar?nombre=leche&lat=8.4283&lon=-82.44 "HTTP/1.1 200 OK"
2026-07-15 12:02:49,489 - Nuevo precio más bajo para el producto 1 en la tienda 1: 1.25
2026-07-15 12:02:49,505 - HTTP Request: POST http://testserver/precios "HTTP/1.1 201 Created"
2026-07-15 12:02:49,522 - HTTP Request: GET http://testserver/productos/comparar?nombre=LECHE&lat=8.4283&lon=-82.44 "HTTP/1.1 200 OK"
2026-07-15 12:02:49,610 - Nuevo precio más bajo para el producto 1 en la tienda 1: 1.25
2026-07-15 12:02:49,615 - HTTP Request: POST http://testserver/precios "HTTP/1.1 201 Created"
2026-07-15 12:02:49,623 - HTTP Request: POST http://testserver/precios "HTTP/1.1 201 Created"
2026-07-15 12:02:49,623 - HTTP Request: GET http://testserver/productos/comparar?nombre=leche&lat=8.4283&lon=-82.44&limite=1 "HTTP/1.1 200 OK"
2026-07-15 12:02:49,708 - Nuevo precio más bajo para el producto 1 en la tienda 1: 1.50
2026-07-15 12:02:49,708 - HTTP Request: POST http://testserver/precios "HTTP/1.1 201 Created"
2026-07-15 12:02:49,731 - Nuevo precio más bajo para el producto 1 en la tienda 1: 1.30
2026-07-15 12:02:49,733 - HTTP Request: POST http://testserver/precios "HTTP/1.1 201 Created"
2026-07-15 12:02:49,740 - HTTP Request: GET http://testserver/productos/comparar?nombre=leche&lat=8.4283&lon=-82.44 "HTTP/1.1 200 OK"
2026-07-15 12:02:49,775 - HTTP Request: GET http://testserver/productos/comparar?nombre=producto_que_no_existe_xyz&lat=8.4283&lon=-82.44 "HTTP/1.1 404 Not Found"
2026-07-15 12:02:49,841 - HTTP Request: GET http://testserver/productos/comparar?nombre=leche&lat=8.4283&lon=-82.44 "HTTP/1.1 404 Not Found"
2026-07-15 12:02:49,939 - Nuevo precio más bajo para el producto 1 en la tienda 1: 1.25
2026-07-15 12:02:49,956 - HTTP Request: POST http://testserver/precios "HTTP/1.1 201 Created"
2026-07-15 12:02:49,973 - HTTP Request: POST http://testserver/precios/1/votar "HTTP/1.1 201 Created"
2026-07-15 12:02:49,973 - HTTP Request: GET http://testserver/productos/comparar?nombre=leche&lat=8.4283&lon=-82.44 "HTTP/1.1 200 OK"
2026-07-15 12:02:50,072 - HTTP Request: GET http://testserver/productos/comparar?nombre=leche "HTTP/1.1 422 Unprocessable Entity"
2026-07-15 12:02:50,175 - HTTP Request: POST http://testserver/listas "HTTP/1.1 201 Created"
2026-07-15 12:02:50,255 - HTTP Request: POST http://testserver/listas "HTTP/1.1 404 Not Found"
2026-07-15 12:02:50,307 - HTTP Request: POST http://testserver/listas "HTTP/1.1 404 Not Found"
2026-07-15 12:02:50,445 - HTTP Request: POST http://testserver/listas "HTTP/1.1 201 Created"
2026-07-15 12:02:50,445 - HTTP Request: POST http://testserver/listas "HTTP/1.1 409 Conflict"
2026-07-15 12:02:50,613 - HTTP Request: GET http://testserver/listas/1 "HTTP/1.1 200 OK"
2026-07-15 12:02:50,701 - HTTP Request: GET http://testserver/listas/9999 "HTTP/1.1 404 Not Found"
2026-07-15 12:02:50,786 - HTTP Request: POST http://testserver/listas "HTTP/1.1 201 Created"
2026-07-15 12:02:50,803 - HTTP Request: POST http://testserver/listas "HTTP/1.1 201 Created"
2026-07-15 12:02:50,814 - HTTP Request: GET http://testserver/listas/1 "HTTP/1.1 200 OK"
2026-07-15 12:02:50,864 - HTTP Request: POST http://testserver/listas "HTTP/1.1 201 Created"
2026-07-15 12:02:50,874 - HTTP Request: PATCH http://testserver/listas/1 "HTTP/1.1 200 OK"
2026-07-15 12:02:50,912 - HTTP Request: PATCH http://testserver/listas/9999 "HTTP/1.1 404 Not Found"
2026-07-15 12:02:50,955 - HTTP Request: POST http://testserver/listas "HTTP/1.1 201 Created"
2026-07-15 12:02:50,955 - HTTP Request: DELETE http://testserver/listas/1 "HTTP/1.1 204 No Content"
2026-07-15 12:02:50,955 - HTTP Request: GET http://testserver/listas/1 "HTTP/1.1 200 OK"
2026-07-15 12:02:50,996 - HTTP Request: DELETE http://testserver/listas/9999 "HTTP/1.1 404 Not Found"
2026-07-15 12:02:51,030 - HTTP Request: GET http://testserver/notificaciones "HTTP/1.1 200 OK"
2026-07-15 12:02:51,063 - Nuevo precio más bajo para el producto 1 en la tienda 1: 1.50
2026-07-15 12:02:51,063 - HTTP Request: POST http://testserver/precios "HTTP/1.1 201 Created"
2026-07-15 12:02:51,072 - HTTP Request: GET http://testserver/notificaciones "HTTP/1.1 200 OK"
2026-07-15 12:02:51,122 - Nuevo precio más bajo para el producto 1 en la tienda 1: 1.20
2026-07-15 12:02:51,122 - HTTP Request: POST http://testserver/precios "HTTP/1.1 201 Created"
2026-07-15 12:02:51,139 - HTTP Request: POST http://testserver/precios "HTTP/1.1 201 Created"
2026-07-15 12:02:51,145 - HTTP Request: GET http://testserver/notificaciones "HTTP/1.1 200 OK"
2026-07-15 12:02:51,204 - Nuevo precio más bajo para el producto 1 en la tienda 1: 1.50
2026-07-15 12:02:51,205 - HTTP Request: POST http://testserver/precios "HTTP/1.1 201 Created"
2026-07-15 12:02:51,223 - HTTP Request: POST http://testserver/precios/1/votar "HTTP/1.1 201 Created"
2026-07-15 12:02:51,235 - HTTP Request: POST http://testserver/precios/1/votar "HTTP/1.1 201 Created"
2026-07-15 12:02:51,245 - El reporte de precio 1 acumuló 3 votos en contra.
2026-07-15 12:02:51,247 - HTTP Request: POST http://testserver/precios/1/votar "HTTP/1.1 201 Created"
2026-07-15 12:02:51,253 - HTTP Request: GET http://testserver/notificaciones "HTTP/1.1 200 OK"
2026-07-15 12:02:51,304 - Nuevo precio más bajo para el producto 1 en la tienda 1: 1.50
2026-07-15 12:02:51,320 - HTTP Request: POST http://testserver/precios "HTTP/1.1 201 Created"
2026-07-15 12:02:51,321 - HTTP Request: POST http://testserver/precios/1/votar "HTTP/1.1 201 Created"
2026-07-15 12:02:51,338 - HTTP Request: GET http://testserver/notificaciones "HTTP/1.1 200 OK"
2026-07-15 12:02:51,371 - Nuevo precio más bajo para el producto 1 en la tienda 1: 1.35
2026-07-15 12:02:51,371 - HTTP Request: POST http://testserver/precios "HTTP/1.1 201 Created"
2026-07-15 12:02:51,600 - Nuevo precio más bajo para el producto 1 en la tienda 1: 1.35
2026-07-15 12:02:51,602 - HTTP Request: POST http://testserver/precios "HTTP/1.1 201 Created"
2026-07-15 12:02:51,667 - Nuevo precio más bajo para el producto 1 en la tienda 1: 1.35
2026-07-15 12:02:51,671 - HTTP Request: POST http://testserver/precios "HTTP/1.1 201 Created"
2026-07-15 12:02:51,683 - Nuevo precio más bajo para el producto 1 en la tienda 1: 1.30
2026-07-15 12:02:51,685 - HTTP Request: POST http://testserver/precios "HTTP/1.1 201 Created"
2026-07-15 12:02:51,721 - HTTP Request: POST http://testserver/precios "HTTP/1.1 404 Not Found"
2026-07-15 12:02:51,756 - HTTP Request: POST http://testserver/precios "HTTP/1.1 404 Not Found"
2026-07-15 12:02:51,933 - HTTP Request: POST http://testserver/precios "HTTP/1.1 404 Not Found"
2026-07-15 12:02:52,004 - HTTP Request: POST http://testserver/precios "HTTP/1.1 422 Unprocessable Entity"
2026-07-15 12:02:52,004 - HTTP Request: POST http://testserver/precios "HTTP/1.1 422 Unprocessable Entity"
2026-07-15 12:02:52,054 - Nuevo precio más bajo para el producto 1 en la tienda 1: 1.35
2026-07-15 12:02:52,054 - HTTP Request: POST http://testserver/precios "HTTP/1.1 201 Created"
2026-07-15 12:02:52,054 - HTTP Request: POST http://testserver/precios/1/votar "HTTP/1.1 201 Created"
2026-07-15 12:02:52,095 - HTTP Request: POST http://testserver/precios/9999/votar "HTTP/1.1 404 Not Found"
2026-07-15 12:02:52,140 - Nuevo precio más bajo para el producto 1 en la tienda 1: 1.35
2026-07-15 12:02:52,140 - HTTP Request: POST http://testserver/precios "HTTP/1.1 201 Created"
2026-07-15 12:02:52,159 - HTTP Request: POST http://testserver/precios/1/votar "HTTP/1.1 404 Not Found"
2026-07-15 12:02:52,207 - Nuevo precio más bajo para el producto 1 en la tienda 1: 1.35
2026-07-15 12:02:52,210 - HTTP Request: POST http://testserver/precios "HTTP/1.1 201 Created"
2026-07-15 12:02:52,211 - HTTP Request: POST http://testserver/precios/1/votar "HTTP/1.1 400 Bad Request"
2026-07-15 12:02:52,271 - Nuevo precio más bajo para el producto 1 en la tienda 1: 1.35
2026-07-15 12:02:52,271 - HTTP Request: POST http://testserver/precios "HTTP/1.1 201 Created"
2026-07-15 12:02:52,271 - HTTP Request: POST http://testserver/precios/1/votar "HTTP/1.1 201 Created"
2026-07-15 12:02:52,271 - HTTP Request: POST http://testserver/precios/1/votar "HTTP/1.1 409 Conflict"
2026-07-15 12:02:52,312 - HTTP Request: GET http://testserver/productos "HTTP/1.1 200 OK"
2026-07-15 12:02:52,350 - HTTP Request: GET http://testserver/productos "HTTP/1.1 200 OK"
2026-07-15 12:02:52,389 - HTTP Request: GET http://testserver/categorias "HTTP/1.1 200 OK"
2026-07-15 12:02:52,440 - HTTP Request: POST http://testserver/productos "HTTP/1.1 201 Created"
2026-07-15 12:02:52,488 - HTTP Request: POST http://testserver/productos "HTTP/1.1 201 Created"
2026-07-15 12:02:52,528 - HTTP Request: POST http://testserver/productos "HTTP/1.1 404 Not Found"
2026-07-15 12:02:52,576 - HTTP Request: POST http://testserver/productos "HTTP/1.1 409 Conflict"
2026-07-15 12:02:52,623 - HTTP Request: POST http://testserver/productos "HTTP/1.1 404 Not Found"
2026-07-15 12:02:52,658 - HTTP Request: POST http://testserver/productos "HTTP/1.1 422 Unprocessable Entity"
2026-07-15 12:02:52,724 - HTTP Request: GET http://testserver/tiendas "HTTP/1.1 200 OK"
2026-07-15 12:02:52,803 - HTTP Request: GET http://testserver/tiendas "HTTP/1.1 200 OK"
2026-07-15 12:02:52,840 - HTTP Request: POST http://testserver/tiendas "HTTP/1.1 201 Created"
2026-07-15 12:02:52,886 - HTTP Request: POST http://testserver/tiendas "HTTP/1.1 409 Conflict"
2026-07-15 12:02:52,925 - HTTP Request: POST http://testserver/tiendas "HTTP/1.1 422 Unprocessable Entity"
2026-07-15 12:02:52,953 - HTTP Request: POST http://testserver/tiendas "HTTP/1.1 422 Unprocessable Entity"
2026-07-15 12:02:52,986 - HTTP Request: POST http://testserver/tiendas "HTTP/1.1 201 Created"
2026-07-15 12:02:53,027 - HTTP Request: POST http://testserver/usuarios "HTTP/1.1 201 Created"
2026-07-15 12:02:53,062 - HTTP Request: POST http://testserver/usuarios "HTTP/1.1 400 Bad Request"
2026-07-15 12:02:53,086 - HTTP Request: POST http://testserver/usuarios "HTTP/1.1 201 Created"
2026-07-15 12:02:53,120 - HTTP Request: POST http://testserver/usuarios "HTTP/1.1 422 Unprocessable Entity"
2026-07-15 12:03:01,154 - Nuevo precio más bajo para el producto 1 en la tienda 1: 1.25
2026-07-15 12:03:01,156 - HTTP Request: POST http://testserver/precios "HTTP/1.1 201 Created"
2026-07-15 12:03:01,171 - HTTP Request: POST http://testserver/precios "HTTP/1.1 201 Created"
2026-07-15 12:03:01,186 - HTTP Request: GET http://testserver/productos/comparar?nombre=leche&lat=8.4283&lon=-82.44 "HTTP/1.1 200 OK"
2026-07-15 12:03:01,250 - Nuevo precio más bajo para el producto 1 en la tienda 1: 1.25
2026-07-15 12:03:01,252 - HTTP Request: POST http://testserver/precios "HTTP/1.1 201 Created"
2026-07-15 12:03:01,264 - HTTP Request: GET http://testserver/productos/comparar?nombre=LECHE&lat=8.4283&lon=-82.44 "HTTP/1.1 200 OK"
2026-07-15 12:03:01,344 - Nuevo precio más bajo para el producto 1 en la tienda 1: 1.25
2026-07-15 12:03:01,349 - HTTP Request: POST http://testserver/precios "HTTP/1.1 201 Created"
2026-07-15 12:03:01,360 - HTTP Request: POST http://testserver/precios "HTTP/1.1 201 Created"
2026-07-15 12:03:01,375 - HTTP Request: GET http://testserver/productos/comparar?nombre=leche&lat=8.4283&lon=-82.44&limite=1 "HTTP/1.1 200 OK"
2026-07-15 12:03:01,454 - Nuevo precio más bajo para el producto 1 en la tienda 1: 1.50
2026-07-15 12:03:01,456 - HTTP Request: POST http://testserver/precios "HTTP/1.1 201 Created"
2026-07-15 12:03:01,469 - Nuevo precio más bajo para el producto 1 en la tienda 1: 1.30
2026-07-15 12:03:01,471 - HTTP Request: POST http://testserver/precios "HTTP/1.1 201 Created"
2026-07-15 12:03:01,477 - HTTP Request: GET http://testserver/productos/comparar?nombre=leche&lat=8.4283&lon=-82.44 "HTTP/1.1 200 OK"
2026-07-15 12:03:01,511 - HTTP Request: GET http://testserver/productos/comparar?nombre=producto_que_no_existe_xyz&lat=8.4283&lon=-82.44 "HTTP/1.1 404 Not Found"
2026-07-15 12:03:01,560 - HTTP Request: GET http://testserver/productos/comparar?nombre=leche&lat=8.4283&lon=-82.44 "HTTP/1.1 404 Not Found"
2026-07-15 12:03:01,661 - Nuevo precio más bajo para el producto 1 en la tienda 1: 1.25
2026-07-15 12:03:01,661 - HTTP Request: POST http://testserver/precios "HTTP/1.1 201 Created"
2026-07-15 12:03:01,676 - HTTP Request: POST http://testserver/precios/1/votar "HTTP/1.1 201 Created"
2026-07-15 12:03:01,707 - HTTP Request: GET http://testserver/productos/comparar?nombre=leche&lat=8.4283&lon=-82.44 "HTTP/1.1 200 OK"
2026-07-15 12:03:01,765 - HTTP Request: GET http://testserver/productos/comparar?nombre=leche "HTTP/1.1 422 Unprocessable Entity"
2026-07-15 12:03:01,838 - HTTP Request: POST http://testserver/listas "HTTP/1.1 201 Created"
2026-07-15 12:03:01,877 - HTTP Request: POST http://testserver/listas "HTTP/1.1 404 Not Found"
2026-07-15 12:03:01,928 - HTTP Request: POST http://testserver/listas "HTTP/1.1 404 Not Found"
2026-07-15 12:03:01,977 - HTTP Request: POST http://testserver/listas "HTTP/1.1 201 Created"
2026-07-15 12:03:01,977 - HTTP Request: POST http://testserver/listas "HTTP/1.1 409 Conflict"
2026-07-15 12:03:02,026 - HTTP Request: GET http://testserver/listas/1 "HTTP/1.1 200 OK"
2026-07-15 12:03:02,082 - HTTP Request: GET http://testserver/listas/9999 "HTTP/1.1 404 Not Found"
2026-07-15 12:03:02,147 - HTTP Request: POST http://testserver/listas "HTTP/1.1 201 Created"
2026-07-15 12:03:02,161 - HTTP Request: POST http://testserver/listas "HTTP/1.1 201 Created"
2026-07-15 12:03:02,171 - HTTP Request: GET http://testserver/listas/1 "HTTP/1.1 200 OK"
2026-07-15 12:03:02,241 - HTTP Request: POST http://testserver/listas "HTTP/1.1 201 Created"
2026-07-15 12:03:02,254 - HTTP Request: PATCH http://testserver/listas/1 "HTTP/1.1 200 OK"
2026-07-15 12:03:02,298 - HTTP Request: PATCH http://testserver/listas/9999 "HTTP/1.1 404 Not Found"
2026-07-15 12:03:02,357 - HTTP Request: POST http://testserver/listas "HTTP/1.1 201 Created"
2026-07-15 12:03:02,365 - HTTP Request: DELETE http://testserver/listas/1 "HTTP/1.1 204 No Content"
2026-07-15 12:03:02,372 - HTTP Request: GET http://testserver/listas/1 "HTTP/1.1 200 OK"
2026-07-15 12:03:02,410 - HTTP Request: DELETE http://testserver/listas/9999 "HTTP/1.1 404 Not Found"
2026-07-15 12:03:02,460 - HTTP Request: GET http://testserver/notificaciones "HTTP/1.1 200 OK"
2026-07-15 12:03:02,534 - Nuevo precio más bajo para el producto 1 en la tienda 1: 1.50
2026-07-15 12:03:02,539 - HTTP Request: POST http://testserver/precios "HTTP/1.1 201 Created"
2026-07-15 12:03:02,542 - HTTP Request: GET http://testserver/notificaciones "HTTP/1.1 200 OK"
2026-07-15 12:03:02,630 - Nuevo precio más bajo para el producto 1 en la tienda 1: 1.20
2026-07-15 12:03:02,633 - HTTP Request: POST http://testserver/precios "HTTP/1.1 201 Created"
2026-07-15 12:03:02,642 - HTTP Request: POST http://testserver/precios "HTTP/1.1 201 Created"
2026-07-15 12:03:02,642 - HTTP Request: GET http://testserver/notificaciones "HTTP/1.1 200 OK"
2026-07-15 12:03:02,711 - Nuevo precio más bajo para el producto 1 en la tienda 1: 1.50
2026-07-15 12:03:02,713 - HTTP Request: POST http://testserver/precios "HTTP/1.1 201 Created"
2026-07-15 12:03:02,726 - HTTP Request: POST http://testserver/precios/1/votar "HTTP/1.1 201 Created"
2026-07-15 12:03:02,726 - HTTP Request: POST http://testserver/precios/1/votar "HTTP/1.1 201 Created"
2026-07-15 12:03:02,741 - El reporte de precio 1 acumuló 3 votos en contra.
2026-07-15 12:03:02,741 - HTTP Request: POST http://testserver/precios/1/votar "HTTP/1.1 201 Created"
2026-07-15 12:03:02,761 - HTTP Request: GET http://testserver/notificaciones "HTTP/1.1 200 OK"
2026-07-15 12:03:02,834 - Nuevo precio más bajo para el producto 1 en la tienda 1: 1.50
2026-07-15 12:03:02,838 - HTTP Request: POST http://testserver/precios "HTTP/1.1 201 Created"
2026-07-15 12:03:02,857 - HTTP Request: POST http://testserver/precios/1/votar "HTTP/1.1 201 Created"
2026-07-15 12:03:02,857 - HTTP Request: GET http://testserver/notificaciones "HTTP/1.1 200 OK"
2026-07-15 12:03:02,954 - Nuevo precio más bajo para el producto 1 en la tienda 1: 1.35
2026-07-15 12:03:02,959 - HTTP Request: POST http://testserver/precios "HTTP/1.1 201 Created"
2026-07-15 12:03:03,034 - Nuevo precio más bajo para el producto 1 en la tienda 1: 1.35
2026-07-15 12:03:03,037 - HTTP Request: POST http://testserver/precios "HTTP/1.1 201 Created"
2026-07-15 12:03:03,120 - Nuevo precio más bajo para el producto 1 en la tienda 1: 1.35
2026-07-15 12:03:03,122 - HTTP Request: POST http://testserver/precios "HTTP/1.1 201 Created"
2026-07-15 12:03:03,141 - Nuevo precio más bajo para el producto 1 en la tienda 1: 1.30
2026-07-15 12:03:03,141 - HTTP Request: POST http://testserver/precios "HTTP/1.1 201 Created"
2026-07-15 12:03:03,192 - HTTP Request: POST http://testserver/precios "HTTP/1.1 404 Not Found"
2026-07-15 12:03:03,261 - HTTP Request: POST http://testserver/precios "HTTP/1.1 404 Not Found"
2026-07-15 12:03:03,311 - HTTP Request: POST http://testserver/precios "HTTP/1.1 404 Not Found"
2026-07-15 12:03:03,383 - HTTP Request: POST http://testserver/precios "HTTP/1.1 422 Unprocessable Entity"
2026-07-15 12:03:03,391 - HTTP Request: POST http://testserver/precios "HTTP/1.1 422 Unprocessable Entity"
2026-07-15 12:03:03,465 - Nuevo precio más bajo para el producto 1 en la tienda 1: 1.35
2026-07-15 12:03:03,470 - HTTP Request: POST http://testserver/precios "HTTP/1.1 201 Created"
2026-07-15 12:03:03,475 - HTTP Request: POST http://testserver/precios/1/votar "HTTP/1.1 201 Created"
2026-07-15 12:03:03,541 - HTTP Request: POST http://testserver/precios/9999/votar "HTTP/1.1 404 Not Found"
2026-07-15 12:03:03,626 - Nuevo precio más bajo para el producto 1 en la tienda 1: 1.35
2026-07-15 12:03:03,626 - HTTP Request: POST http://testserver/precios "HTTP/1.1 201 Created"
2026-07-15 12:03:03,626 - HTTP Request: POST http://testserver/precios/1/votar "HTTP/1.1 404 Not Found"
2026-07-15 12:03:03,713 - Nuevo precio más bajo para el producto 1 en la tienda 1: 1.35
2026-07-15 12:03:03,716 - HTTP Request: POST http://testserver/precios "HTTP/1.1 201 Created"
2026-07-15 12:03:03,725 - HTTP Request: POST http://testserver/precios/1/votar "HTTP/1.1 400 Bad Request"
2026-07-15 12:03:03,805 - Nuevo precio más bajo para el producto 1 en la tienda 1: 1.35
2026-07-15 12:03:03,809 - HTTP Request: POST http://testserver/precios "HTTP/1.1 201 Created"
2026-07-15 12:03:03,825 - HTTP Request: POST http://testserver/precios/1/votar "HTTP/1.1 201 Created"
2026-07-15 12:03:03,825 - HTTP Request: POST http://testserver/precios/1/votar "HTTP/1.1 409 Conflict"
2026-07-15 12:03:03,874 - HTTP Request: GET http://testserver/productos "HTTP/1.1 200 OK"
2026-07-15 12:03:03,931 - HTTP Request: GET http://testserver/productos "HTTP/1.1 200 OK"
2026-07-15 12:03:03,977 - HTTP Request: GET http://testserver/categorias "HTTP/1.1 200 OK"
2026-07-15 12:03:04,040 - HTTP Request: POST http://testserver/productos "HTTP/1.1 201 Created"
2026-07-15 12:03:04,107 - HTTP Request: POST http://testserver/productos "HTTP/1.1 201 Created"
2026-07-15 12:03:04,179 - HTTP Request: POST http://testserver/productos "HTTP/1.1 404 Not Found"
2026-07-15 12:03:04,236 - HTTP Request: POST http://testserver/productos "HTTP/1.1 409 Conflict"
2026-07-15 12:03:04,275 - HTTP Request: POST http://testserver/productos "HTTP/1.1 404 Not Found"
2026-07-15 12:03:04,327 - HTTP Request: POST http://testserver/productos "HTTP/1.1 422 Unprocessable Entity"
2026-07-15 12:03:04,374 - HTTP Request: GET http://testserver/tiendas "HTTP/1.1 200 OK"
2026-07-15 12:03:04,425 - HTTP Request: GET http://testserver/tiendas "HTTP/1.1 200 OK"
2026-07-15 12:03:04,493 - HTTP Request: POST http://testserver/tiendas "HTTP/1.1 201 Created"
2026-07-15 12:03:04,541 - HTTP Request: POST http://testserver/tiendas "HTTP/1.1 409 Conflict"
2026-07-15 12:03:04,595 - HTTP Request: POST http://testserver/tiendas "HTTP/1.1 422 Unprocessable Entity"
2026-07-15 12:03:04,628 - HTTP Request: POST http://testserver/tiendas "HTTP/1.1 422 Unprocessable Entity"
2026-07-15 12:03:04,674 - HTTP Request: POST http://testserver/tiendas "HTTP/1.1 201 Created"
2026-07-15 12:03:04,740 - HTTP Request: POST http://testserver/usuarios "HTTP/1.1 201 Created"
2026-07-15 12:03:04,810 - HTTP Request: POST http://testserver/usuarios "HTTP/1.1 400 Bad Request"
2026-07-15 12:03:04,861 - HTTP Request: POST http://testserver/usuarios "HTTP/1.1 201 Created"
2026-07-15 12:03:04,910 - HTTP Request: POST http://testserver/usuarios "HTTP/1.1 422 Unprocessable Entity"
2026-07-15 12:03:09,019 - HTTP Request: GET http://testserver/notificaciones "HTTP/1.1 200 OK"
2026-07-15 12:03:09,152 - Nuevo precio más bajo para el producto 1 en la tienda 1: 1.50
2026-07-15 12:03:09,152 - HTTP Request: POST http://testserver/precios "HTTP/1.1 201 Created"
2026-07-15 12:03:09,169 - HTTP Request: GET http://testserver/notificaciones "HTTP/1.1 200 OK"
2026-07-15 12:03:09,219 - Nuevo precio más bajo para el producto 1 en la tienda 1: 1.20
2026-07-15 12:03:09,219 - HTTP Request: POST http://testserver/precios "HTTP/1.1 201 Created"
2026-07-15 12:03:09,235 - HTTP Request: POST http://testserver/precios "HTTP/1.1 201 Created"
2026-07-15 12:03:09,235 - HTTP Request: GET http://testserver/notificaciones "HTTP/1.1 200 OK"
2026-07-15 12:03:09,302 - Nuevo precio más bajo para el producto 1 en la tienda 1: 1.50
2026-07-15 12:03:09,302 - HTTP Request: POST http://testserver/precios "HTTP/1.1 201 Created"
2026-07-15 12:03:09,326 - HTTP Request: POST http://testserver/precios/1/votar "HTTP/1.1 201 Created"
2026-07-15 12:03:09,335 - HTTP Request: POST http://testserver/precios/1/votar "HTTP/1.1 201 Created"
2026-07-15 12:03:09,351 - El reporte de precio 1 acumuló 3 votos en contra.
2026-07-15 12:03:09,351 - HTTP Request: POST http://testserver/precios/1/votar "HTTP/1.1 201 Created"
2026-07-15 12:03:09,360 - HTTP Request: GET http://testserver/notificaciones "HTTP/1.1 200 OK"
2026-07-15 12:03:09,418 - Nuevo precio más bajo para el producto 1 en la tienda 1: 1.50
2026-07-15 12:03:09,418 - HTTP Request: POST http://testserver/precios "HTTP/1.1 201 Created"
2026-07-15 12:03:09,444 - HTTP Request: POST http://testserver/precios/1/votar "HTTP/1.1 201 Created"
2026-07-15 12:03:09,450 - HTTP Request: GET http://testserver/notificaciones "HTTP/1.1 200 OK"
